Fetched 837 bugs.
Fetched 837 developer patches.
Traceback (most recent call last):
  File "/home/sahand.moslemi/Historian/rq0_selected_vs_other.py", line 167, in <module>
    bugs, developer_patches, tool_patches = get_data()
  File "/home/sahand.moslemi/Historian/setup.py", line 278, in get_data
    developer_patches = preprocess_patches(bugs, developer_patches, SETUP_DEVELOPER_PATCHES_DIR)
  File "/home/sahand.moslemi/Historian/setup.py", line 265, in preprocess_patches
    deduplicated_patches = deduplicate_patches_and_save(single_method_patches, dirs_dict["DEDUPLICATED"])
  File "/home/sahand.moslemi/Historian/setup.py", line 211, in deduplicate_patches_and_save
    deduplicated_patches['content'] = deduplicated_patches.apply(get_single_hunk_method, axis=1)
  File "/home/sahand.moslemi/miniconda/envs/cc4apca/lib/python3.10/site-packages/pandas/core/frame.py", line 10381, in apply
    return op.apply().__finalize__(self, method="apply")
  File "/home/sahand.moslemi/miniconda/envs/cc4apca/lib/python3.10/site-packages/pandas/core/apply.py", line 916, in apply
    return self.apply_standard()
  File "/home/sahand.moslemi/miniconda/envs/cc4apca/lib/python3.10/site-packages/pandas/core/apply.py", line 1063, in apply_standard
    results, res_index = self.apply_series_generator()
  File "/home/sahand.moslemi/miniconda/envs/cc4apca/lib/python3.10/site-packages/pandas/core/apply.py", line 1081, in apply_series_generator
    results[i] = self.func(v, *self.args, **self.kwargs)
  File "/home/sahand.moslemi/Historian/utils/benchmark.py", line 914, in get_single_hunk_method
    _, target_method_dirs = get_method(patch)
  File "/home/sahand.moslemi/Historian/utils/benchmark.py", line 765, in get_method
    raise ValueError
ValueError
